| arraymath.js |
| basicmath.js |
| main.js |
| util/Assert.js |
